// Vitest Snapshot v1, https://vitest.dev/guide/snapshot.html

exports[`Test components: Message > Snapshot 1`] = `<div />`;
